{"other":{"title":"Brad Pitt Thank You GIF - Find & Share on GIPHY"}}