{"other":{"title":" Welcome our new puppy! - Album on Imgur","viewport":"width=1138","robots":"follow, index","keywords":"images, photos, gif, gifs, memes, pictures, new pictures, reaction gifs, share photos, share images, latest images, funny, cute, visual storytelling, imgur","description":"Post with 72 votes and 3046 views. Tagged with dogs, puppy, puppies; Shared by Squidgymon. Welcome our new puppy!","copyright":"Copyright 2018 Imgur, Inc.","icon":"data:image/png;base64,iVBORw0KGgoAAAANSUhEUgAAABAAAAAQCAYAAAAf8/9hAAAACXBIWXMAAA7EAAAOxAGVKw4bAAACl0lEQVQ4jX2TS0jUURSHv3v/d9TRMh0tzYrQiF7qpgijaFERRhlkxSwyiggXKdEiCjLBCi10UVirau0mCgzMVQQ96EHv1GxRWWBoKTbK2H+c+2gx6ZRIZ3U238c59/yuAFjQebQSqAeKcSj+VwINdAHn+re13hJ/4Ju4/2IziQB2K6B+JlgKQSglg0wVJF2lEhAeFseAH2HQj4ADBPUKKJ6C4nBxdRVrQ0VkBjL4aWOMuTi/nEHjkEKyVGWy42EzX8eHAYrV5M7Ot7jLETa1r+TE4F0ej39DegrpKYSnkCrRN4fWsSiYkxA4lJyEo40DzPmeQnjPWc5kb2RlaghrNNZonNFYneits0ghkqs63xK7MITpjVFVtZneD1958eA9+7JLEuA0SQoS30wkBbp5hKZD+ykpLaSxqY0zDQdIX59LXV9nEvxLMksEGNX+lEB5Hw3OOYJpqVxurWVBxWJqP9xAS4n0EpGQgP0DZMkURuLR5ATRqM/J49ep2FlGwfaFHOluI6ZjOBPHGo2whtPzk28SkmkMx8b+OrcTOOeYm5tF11g/Ezo2NbK0hguLy5n7RnMpdyvr0gsYjUcxLhkcCYJdlRtoPNdGub+McP4anNEIa2lZspPYvSGuXuvgYPg8zTmbeT7y+d9AZgUr40IKZZwhLz+b9o4Gbqtuls+ez8T9CLU1V/D9CYy1hMpyEMeyMJ6bjLOWONFVUlqIcIL8vGzKt9RR9DKDwfZvVB++REtLNaWlRQRWBDE1s5Nworq8oFr1Y3BgJJyaFmBveCOPH/Vwp+MZkUiUL33fef3qE32BYdJP5SHS5PTPVOP5uud9UK16Z7Rd9vRJb64xTlrjcM4xOjrOr4WWYN28JCzQCN4CNf3bWm/9BkZ7QCBmf01HAAAAAElFTkSuQmCC","appleTouchIconPrecomposed":"//s.imgur.com/images/favicon-152.png","msapplicationTileColor":"#2cd63c","msapplicationTileImage":"//s.imgur.com/images/favicon-144.png","alternate":"https://m.imgur.com/gallery/QqHYV","canonical":"https://imgur.com/gallery/QqHYV","pDomainVerify":"834554521765408b9effdc758b69c5ee","fbAdmins":"12301369","fbAppId":"127621437303857","alAndroidUrl":"imgur://imgur.com/t/dogs/QqHYV?from=fbreferral","alAndroidAppName":"Imgur","alAndroidPackage":"com.imgur.mobile","alIosUrl":"imgur://imgur.com/t/dogs/QqHYV?from=fbreferral","alIosAppStoreId":"639881495","alIosAppName":"Imgur","alWebUrl":"https://imgur.com/t/dogs/QqHYV","twitterDomain":"imgur.com","author":"Imgur","articleAuthor":"Imgur","articlePublisher":"https://www.facebook.com/imgur","imageSrc":"https://i.imgur.com/FmvE3Do.jpg"},"oembed":{},"ogp":{"ogUrl":"https://imgur.com/gallery/QqHYV","ogSiteName":"Imgur","ogTitle":"Welcome our new puppy!","ogType":"article","ogImage":[{"url":"https://i.imgur.com/FmvE3Do.jpg?fb","width":"600","height":"315"}],"ogDescription":"Imgur: The magic of the Internet"},"twitter":{"twitterSite":"@imgur","twitterAppIdGoogleplay":"com.imgur.mobile","twitterTitle":"Welcome our new puppy!","twitterCard":"summary_large_image","twitterImage":[{"url":"https://i.imgur.com/FmvE3Doh.jpg"}],"twitterDescription":"Imgur: The magic of the Internet"}}