{"other":{"dnsPrefetch":"//pixel.quantserve.com","title":"Developers (feat. Steve Ballmer) by Smixx | Free Listening on SoundCloud","keywords":"record, sounds, share, sound, audio, tracks, music, soundcloud","referrer":"origin","googleSiteVerification":"dY0CigqM8Inubs_hgrYMwk-zGchKwrvJLcvI_G8631Q","viewport":"width=device-width,minimum-scale=1,maximum-scale=1,user-scalable=no","fbAppId":"19507961798","search":"/sc-opensearch.xml","description":"Stream Developers (feat. Steve Ballmer) by Smixx from desktop or your mobile device","alIosAppName":"SoundCloud","alIosAppStoreId":"336353151","alAndroidAppName":"SoundCloud","alAndroidPackage":"com.soundcloud.android","alWebShouldFallback":"false","alIosUrl":"soundcloud://sounds:14032377","alAndroidUrl":"soundcloud://sounds:14032377","soundcloudUser":"https://soundcloud.com/smixx","soundcloudPlayCount":"77911","soundcloudDownloadCount":"2412","soundcloudCommentsCount":"40","soundcloudLikeCount":"500","canonical":"https://soundcloud.com/smixx/smixx-developers-feat-steve","alternate":"ios-app://336353151/soundcloud/sounds:14032377","author":"/smixx","applicationName":"SoundCloud","msapplicationTooltip":"Launch SoundCloud","msapplicationTileImage":"https://a-v2.sndcdn.com/assets/images/sc-icons/win8-2dc974a1.png","msapplicationTileColor":"#ff5500","msapplicationStarturl":"https://soundcloud.com","icon":"data:image/x-icon;base64,AAABAAIAEBAAAAEAIABoBAAAJgAAACAgAAABACAAqBAAAI4EAAAoAAAAEAAAACAAAAABACAAAAAAAAAEAAAAAAAAAAAAAAAAAAAAAAAAACL//wAi//8AIv//ACL//wAi//8AIv//ACL//wAi//8AIv//ACL//wAi//8AI///ACL//wAj//8AI///ACL//wAj//8AI///ACP//wAj//8AI///ACP//wAj//8AI///ACP//wAj//8AI///ACP//wAj//8AI///ACP//wAj//8AJf//ACX//wAl//8AJf//ACX//wAl//8AJf//ACX//wAl//8AJf//ACX//wAl//8AJf//ACX//wAl//8AJf//ACn//wAp//8AKf//ACj//wAp//8AKP//ACj//wAp//8AKP//ACn//wAp//8AKf//ACn//wAp//8AKf//ACn//wAu//8ALf//AC3//wAu//8ALf//AC7//wAu//8ALf//AC7//wAt//8ALf//AC7//wAt//8ALv//AC7//wAt//8ANP//ADX//5mu//8ANf//2uH//wA1///Z4P//ADX//9be///+/v///f3///z8///q7v//XX7//wA0//8ANf//AD3//wA9////////AD3///////8APf///////wA9//////////////////////////////Dz//8APv//AD7//wBH//8AR////////wBI////////AEj///////8AR//////////////////////////////F1f//AEf//wBH//8AUf//AFL//1mO//8AUv///////wBS////////AFH//////////////////+7z//9wnf//El7//wBS//8AUv//AFz//wBc//8AXP//AFz//1qV//8AXP///////wBb//////////////////+Js///AFv//wBb//8AW///AFz//wBk//8AZf//AGX//wBk//8AZf//AGT//1ma//8AZP//xdv//+jx//+LuP//BWj//wBk//8AZf//AGX//wBk//8AbP//AGv//wBr//8Aa///AGv//wBr//8Aa///AGz//wBr//8AbP//AGz//wBr//8AbP//AGv//wBr//8AbP//AHD//wBx//8Acf//AHH//wBx//8Acf//AHH//wBw//8Acf//AHD//wBw//8AcP//AHD//wBw//8AcP//AHD//wB0//8AdP//AHT//wB0//8AdP//AHT//wB0//8AdP//AHT//wB0//8AdP//AHP//wB0//8Ac///AHP//wB0//8Adv//AHb//wB2//8Adv//AHb//wB2//8Adv//AHf//wB2//8Ad///AHf//wB2//8Ad///AHb//wB2//8Adv//AHf//wB3//8Ad///AHb//wB3//8Adv//AHb//wB3//8Adv//AHf//wB3//8Ad///AHf//wB3//8Ad///AHf//wAAAAAAAAAAAAAAAAAAAAAAAAAAAAAAAAAAAAAAAAAAAAAAAAAAAAAAAAAAAAAAAAAAAAAAAAAAAAAAAAAAAAAoAAAAIAAAAEAAAAABACAAAAAAAAAQAAAAAAAAAAAAAAAAAAAAAAAAACL//wAi//8AIv//ACL//wAi//8AIv//ACL//wAi//8AIv//ACL//wAi//8AI///ACL//wAj//8AI///ACL//wAj//8AIv//ACL//wAi//8AIv//ACL//wAi//8AIv//ACL//wAi//8AIv//ACL//wAi//8AIv//ACL//wAi//8AIv//ACP//wAj//8AIv//ACP//wAi//8AIv//ACL//wAi//8AIv//ACL//wAj//8AIv//ACP//wAj//8AIv//ACP//wAi//8AIv//ACP//wAi//8AI///ACP//wAj//8AI///ACP//wAj//8AI///ACP//wAj//8AI///ACL//wAi//8AI///ACP//wAj//8AI///ACP//wAj//8AI///ACP//wAj//8AI///ACL//wAj//8AIv//ACL//wAi//8AIv//ACL//wAi//8AI///ACL//wAj//8AI///ACL//wAj//8AIv//ACL//wAj//8AIv//ACP//wAj//8AI///ACT//wAj//8AI///ACP//wAj//8AI///ACP//wAj//8AI///ACP//wAj//8AJP//ACP//wAk//8AJP//ACT//wAk//8AJP//ACT//wAk//8AJP//ACT//wAk//8AJP//ACT//wAk//8AJP//ACP//wAk//8AI///ACP//wAj//8AJf//ACT//wAk//8AJf//ACT//wAl//8AJf//ACT//wAl//8AJP//ACT//wAl//8AJP//ACX//wAl//8AJP//ACX//wAk//8AJP//ACT//wAk//8AJP//ACT//wAk//8AJP//ACT//wAk//8AJf//ACT//wAl//8AJf//ACT//wAm//8AJv//ACb//wAm//8AJv//ACb//wAm//8AJv//ACb//wAm//8AJv//ACX//wAm//8AJf//ACX//wAm//8AJf//ACb//wAm//8AJv//ACb//wAm//8AJv//ACb//wAm//8AJv//ACb//wAm//8AJv//ACb//wAm//8AJv//ACf//wAo//8AKP//ACf//wAo//8AJ///ACf//wAn//8AJ///ACf//wAn//8AKP//ACf//wAo//8AKP//ACj//wAo//8AKP//ACj//wAn//8AKP//ACf//wAn//8AKP//ACf//wAo//8AKP//ACf//wAo//8AJ///ACf//wAo//8AKv//ACr//wAq//8AKv//ACr//wAq//8AKv//ACr//wAq//8AKv//ACr//wAq//8AKv//ACr//wAq//8AKf//ACr//wAp//8AKf//ACr//wAp//8AKv//ACr//wAq//8AKv//ACr//wAq//8AKf//ACr//wAp//8AKf//ACr//wAs//8ALP//ACz//wAs//8ALP//ACz//wAs//8AK///ACz//wAr//8AK///ACz//wAr//8ALP//ACz//wAs//8ALP//ACz//wAs//8ALP//ACz//wAs//8ALP//ACz//wAs//8ALP//ACz//wAs//8ALP//ACz//wAs//8ALP//ADD//wAv//8AL///ADD//wAv//8AMP//ADD//wAv//8AMP//AC///wAv//8AL///AC///wAv//8AL///AC///wAv//8AL///AC///wAv//8AL///AC///wAv//8AMP//AC///wAw//8AMP//AC///wAw//8AL///AC///wAv//8AM///ADP//wAz//8AMv//ADP//wAy//8AMv//ADP//wAy//8AM///ADP//wAz//8AM///ADP//wAz//8AM///ADP//wAz//8AM///ADP//wAz//8AM///ADP//wAy//8AM///ADL//wAy//8AM///ADL//wAz//8AM///ADP//wA3//8ANv//ADb//wA2//8ANv//ADb//9nh//8AN///2uH//wA3///Z4f//ADb//9rh//8ANv//2eH//wA3//+1xP///v7///39///8/P//+/v///r7///5+v//+Pn///f4///M1v//T3T//wA2//8ANv//ADb//wA2//8AN///ADv//wA7//8AO///ADv//9vj//8AO////////wA7////////ADv///////8AO////////wA7////////ADv////////////////////////////////////////////////////////+/v//T3f//wA7//8AO///ADv//wA7//8AP///AED//wBA//8AQP///////wBA////////AD////////8AP////////wA/////////AD////////8AQP/////////////////////////////////////////////////////////////N2f//AED//wBA//8AQP//AD///wBF//8ARP//AET//wBF////////AEX///////8ARf///////wBF////////AEX///////8ARf///////wBE//////////////////////////////////////////////////////////////P2//8ARf//AET//wBE//8ARf//AEr//wBK//8ASv//AEn//9vl//8ASf///////wBK////////AEr///////8ASv///////wBK////////AEr/////////////////////////////////////////////////////////////y9r//wBK//8ASv//AEr//wBK//8AT///AE///wBP//8AT///AE///wBP////////AE///9rl//8AT////////wBQ////////AFD///////8AT/////////////////////////////////////////////////////////////9Lgv//AE///wBP//8AT///AFD//wBU//8AVf//AFX//wBU//8AVf//AFT//9nl//8AVP//AFT//wBU////////AFX///////8AVf///////wBU//////////////////////////////////////////////b5///L3P//S4f//wBU//8AVf//AFT//wBU//8AVP//AFn//wBZ//8AWf//AFn//wBZ//8AWf//AFn//wBa//8AWf//AFr///////8AWf//2uf//wBZ////////AFn///////////////////////////////////////+70v//AFn//wBZ//8AWf//AFn//wBZ//8AWf//AFn//wBa//8AXv//AF7//wBe//8AXv//AF7//wBe//8AXv//AF7//wBe//8AXv//2ef//wBe//8AXv//AF7///////8AXv///////////////////////////////////////2Kb//8AXv//AF7//wBe//8AXv//AF7//wBe//8AXv//AF7//wBj//8AYv//AGL//wBj//8AYv//AGP//wBj//8AYv//AGP//wBi//8AYv//AGP//wBi//8AY///2ef//wBi///////////////////////////////////A2P//BWX//wBi//8AYv//AGL//wBj//8AYv//AGP//wBj//8AYv//AGb//wBn//8AZ///AGb//wBn//8AZv//AGb//wBm//8AZv//AGb//wBm//8AZv//AGb//wBm//8AZv//AGb///r8////////////////////////yN7//xRy//8AZv//AGb//wBm//8AZv//AGb//wBm//8AZv//AGb//wBm//8Aaf//AGr//wBq//8Aaf//AGr//wBp//8Aaf//AGn//wBp//8Aaf//AGn//wBq//8Aaf//AGr//wBq//8Aav//iLn///j6///o8f//utb//2Kj//8Baf//AGn//wBq//8Aaf//AGr//wBq//8Aaf//AGr//wBp//8Aaf//AGr//wBt//8Abf//AG3//wBt//8Abf//AG3//wBt//8Abf//AG3//wBt//8Abf//AG3//wBt//8Abf//AG3//wBt//8Abf//AG3//wBt//8Abf//AG3//wBt//8Abf//AG3//wBt//8Abf//AG3//wBt//8Abf//AG3//wBt//8Abf//AG///wBv//8Ab///AG///wBv//8Ab///AG///wBv//8Ab///AG///wBv//8Ab///AG///wBv//8Ab///AHD//wBv//8AcP//AHD//wBv//8AcP//AG///wBv//8Ab///AG///wBv//8Ab///AG///wBv//8Ab///AG///wBw//8Acv//AHL//wBy//8Acv//AHL//wBy//8Acv//AHH//wBy//8Acf//AHH//wBx//8Acf//AHH//wBx//8Acv//AHH//wBy//8Acv//AHH//wBy//8Acf//AHH//wBy//8Acf//AHL//wBy//8Acf//AHL//wBx//8Acf//AHL//wBz//8AdP//AHT//wBz//8AdP//AHP//wBz//8Ac///AHP//wBz//8Ac///AHT//wBz//8AdP//AHT//wBz//8AdP//AHP//wBz//8AdP//AHP//wB0//8AdP//AHP//wB0//8Ac///AHP//wB0//8Ac///AHT//wB0//8Ac///AHT//wB0//8AdP//AHT//wB0//8AdP//AHT//wB1//8AdP//AHX//wB1//8AdP//AHX//wB0//8AdP//AHX//wB0//8Adf//AHX//wB1//8Adf//AHX//wB1//8AdP//AHX//wB0//8AdP//AHT//wB0//8AdP//AHT//wB1//8Adf//AHb//wB2//8Adv//AHb//wB2//8Adv//AHX//wB2//8Adf//AHX//wB2//8Adf//AHb//wB2//8Adf//AHb//wB1//8Adf//AHX//wB1//8Adf//AHX//wB2//8Adf//AHb//wB2//8Adf//AHb//wB1//8Adf//AHb//wB2//8Ad///AHf//wB2//8Ad///AHb//wB2//8Adv//AHb//wB2//8Adv//AHb//wB2//8Adv//AHb//wB2//8Adv//AHb//wB2//8Adv//AHb//wB2//8Adv//AHf//wB2//8Ad///AHf//wB3//8Ad///AHf//wB3//8Adv//AHf//wB2//8Adv//AHf//wB2//8Ad///AHf//wB3//8Ad///AHf//wB3//8Ad///AHf//wB3//8Ad///AHb//wB3//8Adv//AHb//wB2//8Adv//AHb//wB2//8Ad///AHb//wB3//8Ad///AHb//wB3//8Adv//AHb//wB2//8Ad///AHf//wB3//8Adv//AHf//wB2//8Adv//AHf//wB2//8Ad///AHf//wB3//8Ad///AHf//wB3//8Ad///AHf//wB3//8Ad///AHf//wB3//8Ad///AHf//wB3//8Ad///AHf//wB3//8Ad///AHf//wB3//8Ad///AHf//wAAAAAAAAAAAAAAAAAAAAAAAAAAAAAAAAAAAAAAAAAAAAAAAAAAAAAAAAAAAAAAAAAAAAAAAAAAAAAAAAAAAAAAAAAAAAAAAAAAAAAAAAAAAAAAAAAAAAAAAAAAAAAAAAAAAAAAAAAAAAAAAAAAAAAAAAAAAAAAAAAAAAAAAAAA","appleTouchIcon":"data:image/png;base64,iVBORw0KGgoAAAANSUhEUgAAAHIAAAByCAIAAAAAvxIqAAAMD0lEQVR4Ae2df4ycVfXG74+Z2Z3utrvddunAposLlaUbmxQ3FgW10lgg1tSUqGgNBAJRMfiHJpAQzTdgIjXRNhqiiaKJf1olJpD4jySGRqIJgbSxCq1ZvhsWl65AF7cMu9vdee/x3PvMnNx0pu3sstMd03tyc3ly3jvvznzmec+578xu0e57asUjRU6RSpGwJqyXcRiVIrk1YU1FIEVya8KasKZItTW5NWFNkbC2O1ZKWFvl1hRpJ5DcmrCmSFgT1oQ1RcKasCasKdLtQHJrwpoifYKV3JqwpkhYqVFSJ6zLRkl0EaxaN0E5YRWaVJs5oOMAUM1zTVANsU5YLwDUKeVY82BR51kdYTXaa1PLgKtOWBsC5ZGF2W7dZTZtMb0l0ztg1vW7M2/x4srEMbUwV3nlT3R6grHysGEGZcDVlzNWoJQZNDNbyN14Z/HDewsf2q3X9KjzR2Xy5bMvPbN49Jns1b9a4atYtNy2unJvW5vUAWjwaeY81nXfP5q7ertaSiy8cmT28CMU4GLAtrpltjWKVFsNwnDKMcTaUCO7i4//I7frgYpTwrT5KGzd2fvoX7oe/mN2xfBipirhnPgp1JpX0XZYVe3VClamkP/MQ3ZgpHPPQ5xfdhS27e59/Kj91Fc92cyf2QnZ/2ms1Mzwrza4qX9Lbt9jtGmYEah8UXEY+z47gS4U197/8467n1gky6d1LfMsWlbrC2VzG3gKA72+8MUD+Rs/rwe3z/3wcypX8FTX9KzIs11z24Nmbf/sT7+iskwZZVtQYXN0CW+HSHRMU7Tmo+hOAWt3n+Lo7qPgMjnhikTnTXfSfHnuyftxRp7MisI1re88cF8olFmtBW3dlf/m71xnD9fNiim4zdvlqAxlvUN1fOFDr1AUd92X3/1gJWtJ+zItYhp3HjQfzZvNH/+/W1fy3fwT9/AFznD5VRX2H+w6cJSPct6VhvN3/B+tK/F6ANSd3V7lCqJXMLrvPkhXjfjetZJMgbU1IdcyXTmcBauarTvNFUN687aMk8byGsoXWesrhhRH/1CFVOeXDhS/8FjHnm/7PKNEoAi0IPhHrP36Lyu1ezbi0bZFAA7FrG++a83BE1Qa9u7THqUzBc6rYg+wysXOR71GPe1gV9ZQMlyKQORXmG/+uo/lb9qPzVabFgHCiK59tX5AcYSL2sNSHijnEQyUV6pCERe4z2sLb+KEosW5eA9WNop7H5I6QK7NigBhlk9DggAyYmTwXZgJVRLI0JQQksHKfMuLACI/tN0MjeI5A0t7FQHCpZQrmk8/kCnr33+Yq9BNLqARJxorF3gVcbFHXIm8IGYtYXhZC6Jj132OpHFhbo8iQHIRXb+z8/6f+daEGgqHAhmKI1DWdXbBXV8E4PTWRfGT+zNTAFkUBBlgTatSBKg2M0m1pke28cAEiEpaEGeQl6O4g4KWIlBXHDhaxFev6THXjFacwq6ABwtop8IcBrWuCFD9iDcAtdZEHdyCYlcCTcAnbg1a8HmNCA41xW7olu4E4i0BY13M1ELGc22EDG5P4OUmd7i55d3XS1LXhNR7qiEjQDmnEdU7saOI9T7d1SMrOaDx8FaHvXKLI6V6S+bqbWbTkOJwWWX8mJs4brIFwwu0MhjhZev3/+0ARTSpDrHWKt4A2NpGihwAoT6GOdbiXIGI88ZtTTZVrXdrxw23bzj4Yv7a0XPyNF8+e+zZ+acPLZx4Pmc8XNUEWbOErWgYanQvbRzCdZH/1m/UILemkN+8zQURX/ixVjFibJ60RV4KgtRfPFYox+ZtlVs3DdUzxZPv/Oi+3gN/7nrk6UrvgHxWCybLaVkw6TlfzNlb7tE33F7Vo3uq96bd/V0Hj5oP7vB84xYkKM9pR8gUuxtSizNyqlWPjh17e3/0Il27Q1qZh7NUt8YmVVt36h37ULDVun7VU/JuNQVPqm+ANfHdlLE8+wXAJ61JHIq+H1/42vIQdtoWGn9SFZfaVUVs1pd6H3+OyUoTO69bm7kH1deMmpGdOJfuLem+gG9tv+Lo6gNrlnzIAaU0H2lH4s28tCCf4RH5oZo3nd26S/DhhG0RsEjPd552wVh0/o2BucD38vIplNo4qDcNQZuefr2+lPGinoByw0BGVaycJ1DALLvUfNT9mWm+UF8oY47K+pUNscpDVteznV9+zJe+JRUB8an++H6e+cF64yAPb/t8ka3nXclruvr849f1e4cGrKa3pKjmyi4pAh6lXLyatS2Ijm9GoaXFNUYJp692FG+9Tw2MOLDi0UzLwiFnbMfXnsB7YjYMWHZrzZV2wwAFoHjreGYLyyxbffGpYV23D5US0bAvme6+eiO3URhbuOUuXM3U8DiTjoeTLz43DOruPrd+oOKU6R/k10bdfcDK+EhbnoGViDM13NGmimK3wolgJO5jEbsPi0XX71Wh2yM6PrInq+GiunHeIqDCh/ZmYJhMoUpt4yC8qYxlq4pbvedjXay2LEHgPWusuFVJnpnaguDGrgChRYN+rNsjch/Yxu2agMtdsAggCWGu3MLCbB7hRgQotjQEvjCmXtsHTEykQRFguPmCXODx3l5qJQtoRKzNxgElmom3ZfA9LjV78yo2DvfFdmDY9g/iCAuGItoybujeUhVoaE2yyUd9xM4J7oOON1iiYfZ6t+J9ardbg/gjoWaxYqC6meiVe2TxtSym64zW5IuNL2QTaVIIcploH1mmJLRtmKfFBdU+cXZOUdN/Rah5aOXemmBdeWMse3sS+WxqPHtnCpqTbuatek3vTrt3p71YmOO8JOm9mXgBNCcd8hwuw3pExj9d9GnJK5ynTcJNjetm9q06DA6e3esnWbh/nYyxuv9U8bnpKdbAwQKkGC67CZoX0Nk5qix4zSjP+CQ00DTQc2VoPFx09u8J0a5tsFbGj6t3pxkrxsX2rbIu+CV77WUzO+NfPLCKW09XHepnlwElZizGUUKeuYekaEEpmoUg5vcDp0Lgh7abW+ePHDZg1cxdll+H+dQY81JvjBmG+OYE+86dnuIBHDQ/BwNmbCuqmsuxr1nXULLGGo84y0DEP3a2zGdmTeUZ1sIr1nx+rAkFYVIJ4nJbYGUaZ5/9NZPhoZv8qEVzlue58sLvD9nKglW+znIdMS5T71TxaUEZ4+MZWnADJfLALVpwz5WR5wLCPgV6XoM8iky7uXX2qUP67UkrFqRmioD2S/nA4q8etlpZXvb2JGNlrefL/Mr5qjS8AkXg9KTGxY7eAlhRERANxMhAxzNhni+fkwdcHAX9dqiq87/9QQ5fwDT5UYuOSgFMzlgVF4E3J2zQzJHdynkKJqLpKc89uJjOTJuonmqeIxcTXBzcTeWADHmBSLjGQwZulbyU3VUtArDImUfvsO/NWIYDUE1+Rahr/zEU1milTo3R7IzBQ7jdM2JOnglY4Vw0q9OTIc/ae9l4Cl7zUV7jZgOystdSZ7WOXBy5FY0LiGXG1mI1ffr6yTPf/ayZGoNV9VK/IhS4cK47cpiCVf1aLpqMkhW/SDYUSky4zDW7ldcHQLzG8hxwMGKvyzNYY2sQeaUlpVBDw/svEI0gnivrMIuLVydcNvuHX8w9+bCdLzPTqlWZLC3rK0JsIAyFofzInjtMfzuCgsC7WnVqnIXmHYLL1NQ4KgZPXNFzot+c8Bo7/FBMaGrc6zf82+5ee5kljR/P8Xwq5CfHWGPjzEdZV/7+POvFEy8YnseOqUsYvAt676lD0/deP/+Tb+TmyjmlLnz5Y+iF25b8i+qNf3mgp59diaQZ2ubGj+MDJ331iHv1mOa8seaqLf6dQL40REGTtmbzMOBy3mzZnp14AevtdaPZP19SLiOleA2DZkGFYu7mfbrY3TrjolVm/L5yi379JFqT/LVcM3/QpRduXeavX1DjBRL1v6Jx8SC6+BOIv/JsHVldm42WGQL5i0RuST8mVpIBDt3ce6MvjFtf/AyWZy1XT8uYQoAmBoC26G9e9Qo8XehlnjC6XFoWcccWG5FqPnIr+SQuSWh9SbBetv+oiE7/VsvlFrlENbk1/dONya0pkluTW5NbUyS3Jrcmt6ZIbk1uTW5Nkdya3JrcmiK5Nbk1uTVFcmtya3JriuTWhDUVgRTJren/7pbcmiJhba/4L8NQQ9gcZvxqAAAAAElFTkSuQmCC","fluidIcon":"https://a-v2.sndcdn.com/assets/images/sc-icons/fluid-b4e7a64b.png"},"ogp":{"ogSiteName":"SoundCloud","ogType":"music.song","ogUrl":"https://soundcloud.com/smixx/smixx-developers-feat-steve","ogTitle":"Developers (feat. Steve Ballmer)","ogImage":[{"url":"https://i1.sndcdn.com/artworks-000006621616-ej5015-t500x500.jpg","width":"500","height":"500"}],"ogDescription":"Here's a track I wrote years ago and dug up to finish writing. Recorded this just to get it out there :) I'm contrasting developing music and developing software in a hardcore rap kinda way, pretty e"},"twitter":{"twitterSite":"SoundCloud","twitterAppNameIphone":"SoundCloud","twitterAppIdIphone":"336353151","twitterAppNameIpad":"SoundCloud","twitterAppIdIpad":"336353151","twitterAppNameGoogleplay":"SoundCloud","twitterAppIdGoogleplay":"com.soundcloud.android","twitterTitle":"Developers (feat. Steve Ballmer)","twitterDescription":"Here's a track I wrote years ago and dug up to finish writing. Recorded this just to get it out there :) I'm contrasting developing music and developing software in a hardcore rap kinda way, pretty e","twitterPlayer":[{"url":"https://w.soundcloud.com/player/?url=https%3A%2F%2Fapi.soundcloud.com%2Ftracks%2F14032377&auto_play=false&show_artwork=true&visual=true&origin=twitter","height":"400","width":"435"}],"twitterImage":[{"url":"https://i1.sndcdn.com/artworks-000006621616-ej5015-t500x500.jpg"}],"twitterCard":"player","twitterAppUrlGoogleplay":"soundcloud://sounds:14032377","twitterAppUrlIphone":"soundcloud://sounds:14032377","twitterAppUrlIpad":"soundcloud://sounds:14032377"}}