{"other":{"dnsPrefetch":"https://t.co","preload":"https://abs.twimg.com/k/en-gb/6.pages_permalink.en-gb.b0a75e132623b3fbf8a1.js","title":"Satisfying Videos on Twitter: \"… \"","robots":"NOODP","msapplicationTileImage":"//abs.twimg.com/favicons/win8-tile-144.png","msapplicationTileColor":"#00aced","maskIcon":"https://abs.twimg.com/a/1516848903/icons/favicon.svg","shortcutIcon":"data:image/vnd.microsoft.icon;base64,AAABAAEAICAAAAEAIADLAQAAFgAAAIlQTkcNChoKAAAADUlIRFIAAAAgAAAAIAgGAAAAc3p69AAAAZJJREFUeAFiGDZgFMguBPBazwB6BEAUx2PbttHFqmJ2sW1UsbrY6NLFrmL2sW3jbMz9z1rNqvh9wry3QnQ5LMRdRCAez7AVDQ1+3w2lc9+UwXwP4W3wFGIiBhPQANNxDScKDhgDwWIX4XXxCWIjDekQ/EKjgkP2QJCODcoCRyAKbzAY07Ewd8hRSAHnUMtBeA0kQxQSIXiM6rmD9kKK+I7pKGlRYAzEhQeoX3DQWIiJJ5iFSgYF5kCUHqFy0UHl8QViIQ6nsAjdUBujIUrXzVbncKRCFFIgSheMwtdiClaqh+odNiqwDxKSFWarX0LS16hASdyHBCwa5c12wk74DwnQMbszW1c8gwRksF2B2uiIdfgL8dETlLQr0CLAw3CM06vblgDCL2kur6VxAuKTCDTT3mSUxDx8hHiQipGqcIMi3XEPopSO6V7DR+ApRCkJU9yElkEvrPVwPniLXprQgbiNLx4PwXjsQGW39/TTcQfpEIVf2KLa023KtMJSHMMj/IEgFf/xEhexGQNQJmMMQxmMAgBkarVAZoTAyQAAAABJRU5ErkJggg==","appleTouchIcon":"data:image/png;base64,iVBORw0KGgoAAAANSUhEUgAAAMAAAADACAYAAABS3GwHAAAICElEQVR4AezTMQEAAAgEIfuXPoM8AxG4ahZcBQKAACAACAACgAAgAAgAAoAAIAAIAAKAACAACAACgAAgAAgAAoAAIAAIAAKAACAACAACgAAgAAgAAoAAIAAIAAKAACAACAACgACTEAAE4Nm7pzjJtTUM47+xbfvY2rZt27Zt27btPbZt2/ZMu+s7z0Ud7GalK6laSd6L/804a76nkKxUdXpvWyccg5vxCj5Hb/THl3gXD+NM/B21FICEeeCrY3+8hgUwj3bgZ1yEJgogLDT4TXAnlsJ8koMP8Y+Agz0PzRWAVGWA6uFubIEF6Af81sd/dzUchckYoWcAqcoQHYaFsAzJx32ok+Yj/vEYD0s6TwF4W8QDcXSMB78WnkYClgXT0NPjv7k5rsd82P9ZhtoKwNtT50TsxC4xHP4WGAXLss04vJJ/ax0cjc+QAyvD5d7WQAEcAktahY4xGv4umA1zRCFOL/Fv7ICz8Rm2wSowHTUVgLch+BH2f2ahVQyGvz3mwxxThCfwHubCUpTAvjoN6n0IimAlTEaTiJ/inAaLkGe9r4UCuAJWjjFoGMHhr4avYREyumpvfBXAzyksbLOIBXAVLEKWo72uBHsfhBrYCqvEFLSJyPB3Qw4sIlamcvq07BMbCuB3sBTNQbcIBPAjLCIWo3sFx9oUV2EK9iz9axTASTAP1mLXEA//frCIGIF25VwcOxvfIAeGB8peEwVwYxU3c50Y0gAGwEKuGM+idvKYGuBA3INBKIT9n4GooQDKHoinYVWQwMOoEaLh/wcs5HLxAu7Ax5iEwkreHLcuf10UwMuwNAxCq5AE8AIsRnbiTxWviwJ4C5amFdg/BBvd1sNioijgjY16BighgWdRz9Hj3BMWEwmcmdraKIBHYD6aiV0cPM67YvTIf3Hqa6MArg7oLMXLaOrQcfaDRVwBTvO2NgrgCFhAVuMMVHPgOJfBIiwPR3lfGwXQGRawidg3i8fYEAlYRG1K7ySENsOthmVAb/w9C8fXAxZRc9ArvTVSAO/CMqgP9srg8f0FFkGfo3H6a6QAjoZlwXCcilo6BerZT/6tkQKog62wLFmFe9FZWyBS9pEC8HdIXndkk9dQXISmPh5bL1jEfKUA/L8vIAFzRD764gp0TfPY2sAi5kcF4H8EX8IcNR0v4GS0rcL9vzsVQGUUwG9QAAuBhfgCd+AIdEa1Co5tIixCPlYAwUTwaMj3ys/AT3gDD+F6nI1hehOcCgVQF7Ng4rTXFEBwEfzB+dfM8rACCDaCE53ePyM3KIDgI7gGJk46VwH4M+Sv4bAKfv5aJ58J5AAF4E8A42CYiIvRooxfcwZyYeIMn3aAKoDBZdxV9BOux+6ol/x1/8JiWNZJAnUUgD8BfJDCbXZzMAC9UQzLKlni3wwogHthEtet0ArgRFioyJMKwL8AOsJCRc5WAP5GsAQWGvIbBeBvAM/DQkG2oroC8DeAPWChIP2DmQPdETYFJs67XQEEE8CFMHHe7goguI8PXwQTZ21HLQUQXARnwMRZ3wQ7AwqgGgbCxEkXKoDgI+iJbTBxSjHaKIDMRHAqTJwyJLNzoFsiH4GJMy5WAJl/P/AhLOskH80VQOYjqIn3YaKzP3EKoOQzwZOwrJHDFUD2QzgNO2CSUUtQXQG4EUF3DIZJxtyRXH8F4NBLotN0g3xG5KClAnAzhNo4H9NggZAXkuutAByP4V94EvNh4osi9FQAbgx4WzSv5Ne0wn540ZcP0ZIP3JkBBXAiDBsxA+MxBBMw2/e9Q1KIXgrArdf762GSEW+7Nwe6DvAALHCSg87uzYACaJ2RL82QB9ydA10Iux8WGFmNhu7OgAJohOWwQMjp7s+BrgQfBhPf9UmusQLQJ8nFTg56KIBwnRYdCRNfXBu+OdBeoFaYA0uLDEQ1BRDOCDqmFYFsRqfkeiqAkEbQBhNgnslJ0ZgD7Qath49gKZMXk+unACIUwrnYCpMKjURtBRDd9wUfIwGTUpajVXK9FECEQ/grvtLXqv7CNvwxuUYKICYhdMH9WKA7vLYdnVwXBRDTGH6DS/AuxmMzLAYS5X20oQJQFHVxT8TfM9xQ1rErAA1/M3wBi7Dbyjp2BaDhPwwrYHrkVwBxGvzO+DIGr/mv1P+3Aii5g/QWbIdFWB5O/v9jVwAa/MuwFBZxm7CvaeihC2H1cDmWwWJgNn6jgddWiN/jOWyCxcR3aKxhj+9u0Na4JIZ3iRXitopvaJEoDnwd7ILbMAxFsJhZgH9pwCsXhVsfd8EZeA5jkAeLqQTeQiMNd2pcGuYD8UPSB3gNL+MxvJb0GfpiBnbAAMgC7K+h9sa1R/SmeB6FsJRIPh5FPQ20d66+tPkjBsGkQl+n90UV4vpr/P0xHCa/MAR7R3w4FUCJ9wcjYDE3CPtocP0TtrM+++LbmN3KWIBPsKsG1n9h/k7gR7EGFlEr8SA6aFDLo+sAtXAMPkMOLOS24wMcWJVvYBd9P8Ap+BRbYCGxFm/iGNTXUPpBH45bE3vjQQx37OrwNvTD7dglu4/0Eqeb23fHpXgVY7A9Q3vwB+MZnIM/o4YGTwG4EEV19MT+OBt34GV8j9GYiWXYVMIqLEwah5/xPp7BLTgZ/6jsy7v/3T4dUAAAAAAM69/6Oc6wCEMAEAAEAAFAABAABAABQAAQAAQAAUAAEAAEAAFAABAABAABQAAQAJ4BQAAQAAQAAUAAEAAEAAFAABAABAABQAAQAAQAAUAAEAAEgADvRjnI8uEYDgAAAABJRU5ErkJggg==","manifest":"/manifest.json","swiftPageName":"permalink","swiftPageSection":"permalink","canonical":"https://twitter.com/ocdvids/status/856886314138042368","alternate":"android-app://com.twitter.android/twitter/tweet?status_id=856886314138042368&ref_src=twsrc%5Egoogle%7Ctwcamp%5Eandroidseo%7Ctwgr%5Estatus%7Ctwterm%5E856886314138042368","search":"/opensearch.xml","alIosUrl":"twitter://status?id=856886314138042368","alIosAppStoreId":"333903271","alIosAppName":"Twitter","alAndroidUrl":"twitter://status?status_id=856886314138042368","alAndroidPackage":"com.twitter.android","alAndroidAppName":"Twitter","fbAppId":"2231777543"},"oembed":{"url":"https://twitter.com/ocdvids/status/856886314138042368","html":"<blockquote class=\"twitter-tweet\"><p lang=\"und\" dir=\"ltr\"><a href=\"https://t.co/3fe2eQypS4\">pic.twitter.com/3fe2eQypS4</a></p>&mdash; Satisfying Videos (@ocdvids) <a href=\"https://twitter.com/ocdvids/status/856886314138042368?ref_src=twsrc%5Etfw\">April 25, 2017</a></blockquote>\n<script async src=\"https://platform.twitter.com/widgets.js\" charset=\"utf-8\"></script>\n","width":550,"height":null,"type":"rich","version":"1.0"},"ogp":{"ogType":"video","ogUrl":"https://twitter.com/ocdvids/status/856886314138042368","ogTitle":"Satisfying Videos on Twitter","ogImage":[{"url":"https://pbs.twimg.com/ext_tw_video_thumb/856885814470492162/pu/img/qTG1UOt1G5J2wPu_.jpg"}],"ogDescription":"“https://t.co/3fe2eQypS4”","ogSiteName":"Twitter","ogVideo":[{"url":"https://twitter.com/i/videos/856886314138042368?embed_source=facebook","secureUrl":"https://twitter.com/i/videos/856886314138042368?embed_source=facebook","type":"text/html","width":"480","height":"480"}]}}