{
    "other": {
        "contentType": "text/html",
        "contentLength": 178174,
        "viewport": "width=device-width, initial-scale=1.0, maximum-scale=2.0",
        "icon": "/static/img/favicon.ico",
        "fbAdmins": "100002847892748",
        "fbAppId": "350231215126101",
        "fbPages": "241284961029,219315794887869,163253543730991,362512194085320,413437005485686,578214755657993",
        "articleAuthor": "https://www.facebook.com/myudn/",
        "articlePublisher": "https://www.facebook.com/myudn/",
        "description": "udn.com 提供即時新聞以及豐富的政治、社會、地方、兩岸、國際、財經、數位、運動、NBA、娛樂、生活、健康、旅遊新聞，以最即時、多元的內容，滿足行動世代的需求。",
        "author": "聯合新聞網",
        "copyright": "聯合新聞網",
        "applicationName": "聯合新聞網",
        "googleSiteVerification": "zxOxo5I1xPvrdU_l5_sX9kZ8v0SiUC18mtRszIAsHqk",
        "channelId": "2",
        "cateId": "0",
        "keywords": "聯合新聞網",
        "imageSrc": "https://udn.com/static/img/UDN_BABY.png",
        "url": "https://udn.com/news/index",
        "canonical": "https://udn.com/news/index",
        "robots": "NOODP",
        "title": "聯合新聞網：觸動未來 新識力",
        "manifest": "https://p.udn.com.tw/upf/static/fcm/manifest.json"
    },
    "twitter": {
        "twitterCard": "summary"
    },
    "ogp": {
        "ogTitle": "聯合新聞網：觸動未來 新識力",
        "ogType": "article",
        "ogUrl": "https://udn.com/news/index",
        "ogImage": [
            {
                "url": "https://udn.com/static/img/UDN_BABY.png",
                "width": "1000",
                "height": "1000"
            }
        ],
        "ogSiteName": "聯合新聞網",
        "ogDescription": "udn.com 提供即時新聞以及豐富的政治、社會、地方、兩岸、國際、財經、數位、運動、NBA、娛樂、生活、健康、旅遊新聞，以最即時、多元的內容，滿足行動世代的需求。"
    }
}