{
    "other": {
        "title": "【楽天市場】Shopping is Entertainment! ： インターネット最大級の通信販売、通販オンラインショッピングコミュニティ",
        "description": "楽天市場はインターネット通販が楽しめる総合ショッピングモール。楽天スーパーポイントがどんどん貯まる！使える！毎日お得なクーポンも。あす楽利用で翌日にお届け。食品から家電、ファッション、ベビー用品、コスメまで、充実の品揃え。",
        "keywords": "通販,インターネット通販,オンラインショッピング,楽天,楽天市場,rakuten,ラクテン,らくてん",
        "alternate": "https://m.rakuten.co.jp/",
        "canonical": "https://www.rakuten.co.jp/",
        "robots": "NOODP",
        "google": "nositelinkssearchbox",
        "appleTouchIcon": "https://r.r10s.jp/com/img/home/logo/touch.png",
        "fbAppId": "194149240717705",
        "stylesheet": "https://r.r10s.jp/com/inc/home/20080930/spt/common/css/develop_js.min.css?v=201804111400"
    },
    "ogp": {
        "ogTitle": "【楽天市場】Shopping is Entertainment! ： インターネット最大級の通信販売、通販オンラインショッピングコミュニティ",
        "ogDescription": "楽天市場はインターネット通販が楽しめる総合ショッピングモール。楽天スーパーポイントがどんどん貯まる！使える！毎日お得なクーポンも。あす楽利用で翌日にお届け。食品から家電、ファッション、ベビー用品、コスメまで、充実の品揃え。",
        "ogUrl": "https://www.rakuten.co.jp/",
        "ogImage": [
            {
                "url": "https://r.r10s.jp/com/img/home/top/ogp.png"
            }
        ],
        "ogType": "website",
        "ogSiteName": "楽天市場"
    },
    "twitter": {
        "twitterCard": "summary",
        "twitterSite": "@RakutenJP",
        "twitterTitle": "【楽天市場】Shopping is Entertainment! ： インターネット最大級の通信販売、通販オンラインショッピングコミュニティ",
        "twitterDescription": "楽天市場はインターネット通販が楽しめる総合ショッピングモール。楽天スーパーポイントがどんどん貯まる！使える！毎日お得なクーポンも。あす楽利用で翌日にお届け。食品から家電、ファッション、ベビー用品、コスメまで、充実の品揃え。",
        "twitterImage": [
            {
                "src": "https://r.r10s.jp/com/img/home/top/ogp.png"
            }
        ]
    }
}