{
    "other": {
        "contentType": "text/html",
        "contentLength": 241317,
        "keywords": "淘宝,淘寶,淘寶網,掏寶,掏保,網上購物,集運,淘宝全球,taobao",
        "description": "您可以在淘寶網快速搜索女裝、男裝、鞋包、飾品、運動、家居家紡、手機数位、家電、美妝等各品類優質商品，並通過支付寶享受安全的擔保交易服務（先收貨後確認），以優惠的價格將多件商品一併集運，幫您大大節省物流開支，現時已覆蓋香港、澳門、臺灣、新加坡、馬來西亞、美國、加拿大、澳大利亞、紐西蘭和日本等地區。",
        "renderer": "webkit",
        "dnsPrefetch": "//log.mmstat.com",
        "shortcutIcon": "//img.alicdn.com/tfs/TB1VlKFRpXXXXcNapXXXXXXXXXX-16-16.png",
        "search": "//g.alicdn.com/mui/global/1.2.35/file/search.xml",
        "spmId": "a21wu.241046-global",
        "title": "淘宝网(淘寶網) 全球站",
        "stylesheet": "//g.alicdn.com/mui/??common/4.0.101/index-pc.css,zebra-oversea-category-pc/4.0.6/index-pc.css,zebra-oversea-headbanner-pc/4.0.15/index-pc.css,zebra-oversea-service/4.0.14/index-pc.css,zebra-oversea-1r1-banner/4.0.1/index-pc.css,zebra-oversea-chaoshi-pc/4.0.23/index-pc.css,zebra-oversea-qiang-guang/4.0.6/index-pc.css,zebra-oversea-haohuo/4.0.5/index-pc.css,zebra-oversea-shop-pc/4.0.3/index-pc.css,zebra-oversea-feeds-pc/4.0.5/index-pc.css,zebra-oversea-dropbanner/4.0.4/index-pc.css,zebra-oversea-header-pc/4.0.29/index-pc.css"
    }
}